Yulia_Yaskevych@Yulia MINGW64 /
$ cd d:/gl

Yulia_Yaskevych@Yulia MINGW64 /d/gl
$ git clone git@github.com:yuliayaskevych/GL-BaseCamp-2020.git
Cloning into 'GL-BaseCamp-2020'...
remote: Enumerating objects: 3, done.
remote: Counting objects: 100% (3/3), done.
Receiving objects: 100% (3/3), done.
remote: Total 3 (delta 0), reused 0 (delta 0), pack-reused 0

Yulia_Yaskevych@Yulia MINGW64 /d/gl
$ cd GL-BaseCamp-2020/

Yulia_Yaskevych@Yulia MINGW64 /d/gl/GL-BaseCamp-2020 (main)
$ git branch hotfix

Yulia_Yaskevych@Yulia MINGW64 /d/gl/GL-BaseCamp-2020 (main)
$ touch task.txt

Yulia_Yaskevych@Yulia MINGW64 /d/gl/GL-BaseCamp-2020 (main)
$ code task.txt

Yulia_Yaskevych@Yulia MINGW64 /d/gl/GL-BaseCamp-2020 (main)
$ git status
On branch main
Your branch is up to date with 'origin/main'.

Untracked files:
  (use "git add <file>..." to include in what will be committed)
        task.txt

nothing added to commit but untracked files present (use "git add" to track)

Yulia_Yaskevych@Yulia MINGW64 /d/gl/GL-BaseCamp-2020 (main)
$ git add .

Yulia_Yaskevych@Yulia MINGW64 /d/gl/GL-BaseCamp-2020 (main)
$ git commit -m "add task file"
[main d34cc82] add task file
 1 file changed, 1 insertion(+)
 create mode 100644 task.txt

Yulia_Yaskevych@Yulia MINGW64 /d/gl/GL-BaseCamp-2020 (main)
$ git log --oneline --decorate --graph --all
* d34cc82 (HEAD -> main) add task file
* 74b94ae (origin/main, origin/HEAD, hotfix) Initial commit

Yulia_Yaskevych@Yulia MINGW64 /d/gl/GL-BaseCamp-2020 (main)
$ git checkout hotfix
Switched to branch 'hotfix'

Yulia_Yaskevych@Yulia MINGW64 /d/gl/GL-BaseCamp-2020 (hotfix)
$ vim task.txt

Yulia_Yaskevych@Yulia MINGW64 /d/gl/GL-BaseCamp-2020 (hotfix)
$ git add .
warning: LF will be replaced by CRLF in task.txt.
The file will have its original line endings in your working directory

Yulia_Yaskevych@Yulia MINGW64 /d/gl/GL-BaseCamp-2020 (hotfix)
$ git commit -m "add task file in hotfix"
[hotfix 000dc35] add task file in hotfix
 1 file changed, 3 insertions(+)
 create mode 100644 task.txt

Yulia_Yaskevych@Yulia MINGW64 /d/gl/GL-BaseCamp-2020 (hotfix)
$ git log --oneline --decorate --graph --all
* 000dc35 (HEAD -> hotfix) add task file in hotfix
| * d34cc82 (main) add task file
|/
* 74b94ae (origin/main, origin/HEAD) Initial commit

Yulia_Yaskevych@Yulia MINGW64 /d/gl/GL-BaseCamp-2020 (hotfix)
$ git checkout main
Switched to branch 'main'
Your branch is ahead of 'origin/main' by 1 commit.
  (use "git push" to publish your local commits)

Yulia_Yaskevych@Yulia MINGW64 /d/gl/GL-BaseCamp-2020 (main)
$ git merge hotfix
CONFLICT (add/add): Merge conflict in task.txt
Auto-merging task.txt
Automatic merge failed; fix conflicts and then commit the result.

Yulia_Yaskevych@Yulia MINGW64 /d/gl/GL-BaseCamp-2020 (main|MERGING)
$ cat task.txt
<<<<<<< HEAD
More people speak English thansome other language.
=======
More people speak English than any other language.

Why such enthusiasm for English?
>>>>>>> hotfix

Yulia_Yaskevych@Yulia MINGW64 /d/gl/GL-BaseCamp-2020 (main|MERGING)
$ code .

Yulia_Yaskevych@Yulia MINGW64 /d/gl/GL-BaseCamp-2020 (main|MERGING)
$ git status
On branch main
Your branch is ahead of 'origin/main' by 1 commit.
  (use "git push" to publish your local commits)

You have unmerged paths.
  (fix conflicts and run "git commit")
  (use "git merge --abort" to abort the merge)

Unmerged paths:
  (use "git add <file>..." to mark resolution)
        both added:      task.txt

no changes added to commit (use "git add" and/or "git commit -a")

Yulia_Yaskevych@Yulia MINGW64 /d/gl/GL-BaseCamp-2020 (main|MERGING)
$ git add task.txt

Yulia_Yaskevych@Yulia MINGW64 /d/gl/GL-BaseCamp-2020 (main|MERGING)
$ git status
On branch main
Your branch is ahead of 'origin/main' by 1 commit.
  (use "git push" to publish your local commits)

All conflicts fixed but you are still merging.
  (use "git commit" to conclude merge)

Changes to be committed:
        modified:   task.txt


Yulia_Yaskevych@Yulia MINGW64 /d/gl/GL-BaseCamp-2020 (main|MERGING)
$ git commit -m "fix conflict"
[main d7ff2cb] fix conflict

Yulia_Yaskevych@Yulia MINGW64 /d/gl/GL-BaseCamp-2020 (main)
$ git log --oneline --decorate --graph --all
*   d7ff2cb (HEAD -> main) fix conflict
|\
| * 000dc35 (hotfix) add task file in hotfix
* | d34cc82 add task file
|/
* 74b94ae (origin/main, origin/HEAD) Initial commit

Yulia_Yaskevych@Yulia MINGW64 /d/gl/GL-BaseCamp-2020 (main)
$ git push
Enumerating objects: 8, done.
Counting objects: 100% (8/8), done.
Delta compression using up to 4 threads
Compressing objects: 100% (7/7), done.
Writing objects: 100% (7/7), 718 bytes | 359.00 KiB/s, done.
Total 7 (delta 2), reused 0 (delta 0), pack-reused 0
remote: Resolving deltas: 100% (2/2), done.
To github.com:yuliayaskevych/GL-BaseCamp-2020.git
   74b94ae..d7ff2cb  main -> main

Yulia_Yaskevych@Yulia MINGW64 /d/gl/GL-BaseCamp-2020 (main)
$ git checkout hotfix
Switched to branch 'hotfix'

Yulia_Yaskevych@Yulia MINGW64 /d/gl/GL-BaseCamp-2020 (hotfix)
$ git push
fatal: The current branch hotfix has no upstream branch.
To push the current branch and set the remote as upstream, use

    git push --set-upstream origin hotfix


Yulia_Yaskevych@Yulia MINGW64 /d/gl/GL-BaseCamp-2020 (hotfix)
$ git push --set-upstream origin hotfix
Total 0 (delta 0), reused 0 (delta 0), pack-reused 0
remote:
remote: Create a pull request for 'hotfix' on GitHub by visiting:
remote:      https://github.com/yuliayaskevych/GL-BaseCamp-2020/pull/new/hotfix
remote:
To github.com:yuliayaskevych/GL-BaseCamp-2020.git
 * [new branch]      hotfix -> hotfix
Branch 'hotfix' set up to track remote branch 'hotfix' from 'origin'.